  Determining projects to restore...
  Restored C:\Projects\Sorcha\src\Apps\Sorcha.Cli\Sorcha.Cli.csproj (in 464 ms).
  Restored C:\Projects\Sorcha\tests\Sorcha.Cli.Tests\Sorcha.Cli.Tests.csproj (in 342 ms).
  56 of 58 projects are up-to-date for restore.
  Sorcha.Performance.Tests -> C:\Projects\Sorcha\tests\Sorcha.Performance.Tests\bin\Debug\net10.0\Sorcha.Performance.Tests.dll
  Sorcha.Tenant.Service.PerformanceTests -> C:\Projects\Sorcha\tests\Sorcha.Tenant.Service.PerformanceTests\bin\Debug\net10.0\Sorcha.Tenant.Service.PerformanceTests.dll
  Sorcha.Tenant.Models -> C:\Projects\Sorcha\src\Common\Sorcha.Tenant.Models\bin\Debug\net10.0\Sorcha.Tenant.Models.dll
  Sorcha.Blueprint.Models -> C:\Projects\Sorcha\src\Common\Sorcha.Blueprint.Models\bin\Debug\net10.0\Sorcha.Blueprint.Models.dll
  Sorcha.Storage.Abstractions -> C:\Projects\Sorcha\src\Common\Sorcha.Storage.Abstractions\bin\Debug\net10.0\Sorcha.Storage.Abstractions.dll
  Sorcha.Blueprint.Engine -> C:\Projects\Sorcha\src\Core\Sorcha.Blueprint.Engine\bin\Debug\net10.0\Sorcha.Blueprint.Engine.dll
  Sorcha.UI.Core -> C:\Projects\Sorcha\src\Apps\Sorcha.UI\Sorcha.UI.Core\bin\Debug\net10.0\Sorcha.UI.Core.dll
  Sorcha.ServiceDefaults -> C:\Projects\Sorcha\src\Common\Sorcha.ServiceDefaults\bin\Debug\net10.0\Sorcha.ServiceDefaults.dll
  Sorcha.Cryptography -> C:\Projects\Sorcha\src\Common\Sorcha.Cryptography\bin\Debug\net10.0\Sorcha.Cryptography.dll
  Sorcha.Storage.MongoDB -> C:\Projects\Sorcha\src\Common\Sorcha.Storage.MongoDB\bin\Debug\net10.0\Sorcha.Storage.MongoDB.dll
  Sorcha.Storage.EFCore -> C:\Projects\Sorcha\src\Common\Sorcha.Storage.EFCore\bin\Debug\net10.0\Sorcha.Storage.EFCore.dll
  Sorcha.Blueprint.Models.Tests -> C:\Projects\Sorcha\tests\Sorcha.Blueprint.Models.Tests\bin\Debug\net10.0\Sorcha.Blueprint.Models.Tests.dll
  Sorcha.Register.Models -> C:\Projects\Sorcha\src\Common\Sorcha.Register.Models\bin\Debug\net10.0\Sorcha.Register.Models.dll
  Sorcha.Storage.Redis -> C:\Projects\Sorcha\src\Common\Sorcha.Storage.Redis\bin\Debug\net10.0\Sorcha.Storage.Redis.dll
  Sorcha.Storage.InMemory -> C:\Projects\Sorcha\src\Common\Sorcha.Storage.InMemory\bin\Debug\net10.0\Sorcha.Storage.InMemory.dll
  Sorcha.TransactionHandler -> C:\Projects\Sorcha\src\Common\Sorcha.TransactionHandler\bin\Debug\net10.0\Sorcha.TransactionHandler.dll
  Sorcha.Cryptography.Tests -> C:\Projects\Sorcha\tests\Sorcha.Cryptography.Tests\bin\Debug\net10.0\Sorcha.Cryptography.Tests.dll
  Sorcha.Register.Core -> C:\Projects\Sorcha\src\Core\Sorcha.Register.Core\bin\Debug\net10.0\Sorcha.Register.Core.dll
  Sorcha.ServiceClients -> C:\Projects\Sorcha\src\Common\Sorcha.ServiceClients\bin\Debug\net10.0\Sorcha.ServiceClients.dll
  Sorcha.Wallet.Core -> C:\Projects\Sorcha\src\Common\Sorcha.Wallet.Core\bin\Debug\net10.0\Sorcha.Wallet.Core.dll
  Sorcha.TransactionHandler.Tests -> C:\Projects\Sorcha\tests\Sorcha.TransactionHandler.Tests\bin\Debug\net10.0\Sorcha.TransactionHandler.Tests.dll
  Sorcha.Blueprint.Schemas -> C:\Projects\Sorcha\src\Core\Sorcha.Blueprint.Schemas\bin\Debug\net10.0\Sorcha.Blueprint.Schemas.dll
  Sorcha.Register.Storage.MongoDB -> C:\Projects\Sorcha\src\Core\Sorcha.Register.Storage.MongoDB\bin\Debug\net10.0\Sorcha.Register.Storage.MongoDB.dll
  Sorcha.Tenant.Service -> C:\Projects\Sorcha\src\Services\Sorcha.Tenant.Service\bin\Debug\net10.0\Sorcha.Tenant.Service.dll
  Sorcha.Register.Storage.InMemory -> C:\Projects\Sorcha\src\Core\Sorcha.Register.Storage.InMemory\bin\Debug\net10.0\Sorcha.Register.Storage.InMemory.dll
  Sorcha.Storage.InMemory.Tests -> C:\Projects\Sorcha\tests\Sorcha.Storage.InMemory.Tests\bin\Debug\net10.0\Sorcha.Storage.InMemory.Tests.dll
  Sorcha.Blueprint.Fluent -> C:\Projects\Sorcha\src\Core\Sorcha.Blueprint.Fluent\bin\Debug\net10.0\Sorcha.Blueprint.Fluent.dll
  Sorcha.Storage.Abstractions.Tests -> C:\Projects\Sorcha\tests\Sorcha.Storage.Abstractions.Tests\bin\Debug\net10.0\Sorcha.Storage.Abstractions.Tests.dll
  Sorcha.Integration.Tests -> C:\Projects\Sorcha\tests\Sorcha.Integration.Tests\bin\Debug\net10.0\Sorcha.Integration.Tests.dll
  Sorcha.Demo -> C:\Projects\Sorcha\src\Apps\Sorcha.Demo\bin\Debug\net10.0\Sorcha.Demo.dll
  Sorcha.Blueprint.Fluent.Tests -> C:\Projects\Sorcha\tests\Sorcha.Blueprint.Fluent.Tests\bin\Debug\net10.0\Sorcha.Blueprint.Fluent.Tests.dll
  Sorcha.Tenant.Service.Tests -> C:\Projects\Sorcha\tests\Sorcha.Tenant.Service.Tests\bin\Debug\net10.0\Sorcha.Tenant.Service.Tests.dll
  Sorcha.Cli -> C:\Projects\Sorcha\src\Apps\Sorcha.Cli\bin\Debug\net10.0\Sorcha.Cli.dll
  Sorcha.Tenant.Service.IntegrationTests -> C:\Projects\Sorcha\tests\Sorcha.Tenant.Service.IntegrationTests\bin\Debug\net10.0\Sorcha.Tenant.Service.IntegrationTests.dll
  Sorcha.ApiGateway -> C:\Projects\Sorcha\src\Services\Sorcha.ApiGateway\bin\Debug\net10.0\Sorcha.ApiGateway.dll
  Sorcha.Blueprint.Schemas.Tests -> C:\Projects\Sorcha\tests\Sorcha.Blueprint.Schemas.Tests\bin\Debug\net10.0\Sorcha.Blueprint.Schemas.Tests.dll
  Sorcha.Register.Storage -> C:\Projects\Sorcha\src\Core\Sorcha.Register.Storage\bin\Debug\net10.0\Sorcha.Register.Storage.dll
  Sorcha.Register.Storage.MongoDB.Tests -> C:\Projects\Sorcha\tests\Sorcha.Register.Storage.MongoDB.Tests\bin\Debug\net10.0\Sorcha.Register.Storage.MongoDB.Tests.dll
  Sorcha.Blueprint.Service -> C:\Projects\Sorcha\src\Services\Sorcha.Blueprint.Service\bin\Debug\net10.0\Sorcha.Blueprint.Service.dll
  Sorcha.Wallet.Service -> C:\Projects\Sorcha\src\Services\Sorcha.Wallet.Service\bin\Debug\net10.0\Sorcha.Wallet.Service.dll
  Sorcha.Register.Service -> C:\Projects\Sorcha\src\Services\Sorcha.Register.Service\bin\Debug\net10.0\Sorcha.Register.Service.dll
  Sorcha.Blueprint.Engine.Tests -> C:\Projects\Sorcha\tests\Sorcha.Blueprint.Engine.Tests\bin\Debug\net10.0\Sorcha.Blueprint.Engine.Tests.dll
  Sorcha.Wallet.Service.Tests -> C:\Projects\Sorcha\tests\Sorcha.Wallet.Service.Tests\bin\Debug\net10.0\Sorcha.Wallet.Service.Tests.dll
  Sorcha.Wallet.Service.Api.Tests -> C:\Projects\Sorcha\tests\Sorcha.Wallet.Service.Api.Tests\bin\Debug\net10.0\Sorcha.Wallet.Service.Api.Tests.dll
  Sorcha.Wallet.Service.IntegrationTests -> C:\Projects\Sorcha\tests\Sorcha.Wallet.Service.IntegrationTests\bin\Debug\net10.0\Sorcha.Wallet.Service.IntegrationTests.dll
  Sorcha.Cli.Tests -> C:\Projects\Sorcha\tests\Sorcha.Cli.Tests\bin\Debug\net10.0\Sorcha.Cli.Tests.dll
  Sorcha.Admin.Client -> C:\Projects\Sorcha\src\Apps\Sorcha.Admin\Sorcha.Admin.Client\bin\Debug\net10.0\Sorcha.Admin.Client.dll
  Sorcha.Admin.Client (Blazor output) -> C:\Projects\Sorcha\src\Apps\Sorcha.Admin\Sorcha.Admin.Client\bin\Debug\net10.0\wwwroot
  Sorcha.UI.Web.Client -> C:\Projects\Sorcha\src\Apps\Sorcha.UI\Sorcha.UI.Web.Client\bin\Debug\net10.0\Sorcha.UI.Web.Client.dll
  Sorcha.UI.Web.Client (Blazor output) -> C:\Projects\Sorcha\src\Apps\Sorcha.UI\Sorcha.UI.Web.Client\bin\Debug\net10.0\wwwroot
  Sorcha.Register.Storage.Tests -> C:\Projects\Sorcha\tests\Sorcha.Register.Storage.Tests\bin\Debug\net10.0\Sorcha.Register.Storage.Tests.dll
  Sorcha.Peer.Service -> C:\Projects\Sorcha\src\Services\Sorcha.Peer.Service\bin\Debug\net10.0\Sorcha.Peer.Service.dll
  Sorcha.Peer.Service.Tests -> C:\Projects\Sorcha\tests\Sorcha.Peer.Service.Tests\bin\Debug\net10.0\Sorcha.Peer.Service.Tests.dll
  Sorcha.UI.Web -> C:\Projects\Sorcha\src\Apps\Sorcha.UI\Sorcha.UI.Web\bin\Debug\net10.0\Sorcha.UI.Web.dll
  Sorcha.Admin -> C:\Projects\Sorcha\src\Apps\Sorcha.Admin\bin\Debug\net10.0\Sorcha.Admin.dll
  Sorcha.Validator.Core -> C:\Projects\Sorcha\src\Common\Sorcha.Validator.Core\bin\Debug\net10.0\Sorcha.Validator.Core.dll
  Sorcha.Validator.Service -> C:\Projects\Sorcha\src\Services\Sorcha.Validator.Service\bin\Debug\net10.0\Sorcha.Validator.Service.dll
  Sorcha.AppHost -> C:\Projects\Sorcha\src\Apps\Sorcha.AppHost\bin\Debug\net10.0\Sorcha.AppHost.dll
  Sorcha.Gateway.Integration.Tests -> C:\Projects\Sorcha\tests\Sorcha.Gateway.Integration.Tests\bin\Debug\net10.0\Sorcha.Gateway.Integration.Tests.dll
  Sorcha.UI.E2E.Tests -> C:\Projects\Sorcha\tests\Sorcha.UI.E2E.Tests\bin\Debug\net10.0\Sorcha.UI.E2E.Tests.dll

Build succeeded.
    0 Warning(s)
    0 Error(s)

Time Elapsed 00:00:11.87
